// Jest Snapshot v1, https://goo.gl/fbAQLP

exports[`years request years 1`] = `
[
  "2014",
  "2015",
  "2016",
  "2017",
  "2018",
  "2019",
  "2020",
  "2021",
  "2022",
  "2023",
  "2024",
  "2025",
]
`;
